------------------------------------------------------------
Timing Analyzer Summary
------------------------------------------------------------

Type  : Slow 1100mV 85C Model Setup 'CLK'
Slack : 17.014
TNS   : 0.000

Type  : Slow 1100mV 85C Model Hold 'CLK'
Slack : 1.316
TNS   : 0.000

Type  : Slow 1100mV 85C Model Recovery 'CLK'
Slack : 11.501
TNS   : 0.000

Type  : Slow 1100mV 85C Model Removal 'CLK'
Slack : 5.546
TNS   : 0.000

Type  : Slow 1100mV 85C Model Minimum Pulse Width 'CLK'
Slack : 8.666
TNS   : 0.000

Type  : Slow 1100mV 0C Model Setup 'CLK'
Slack : 16.993
TNS   : 0.000

Type  : Slow 1100mV 0C Model Hold 'CLK'
Slack : 1.285
TNS   : 0.000

Type  : Slow 1100mV 0C Model Recovery 'CLK'
Slack : 11.941
TNS   : 0.000

Type  : Slow 1100mV 0C Model Removal 'CLK'
Slack : 5.167
TNS   : 0.000

Type  : Slow 1100mV 0C Model Minimum Pulse Width 'CLK'
Slack : 8.600
TNS   : 0.000

Type  : Fast 1100mV 85C Model Setup 'CLK'
Slack : 18.355
TNS   : 0.000

Type  : Fast 1100mV 85C Model Hold 'CLK'
Slack : 0.630
TNS   : 0.000

Type  : Fast 1100mV 85C Model Recovery 'CLK'
Slack : 14.136
TNS   : 0.000

Type  : Fast 1100mV 85C Model Removal 'CLK'
Slack : 3.498
TNS   : 0.000

Type  : Fast 1100mV 85C Model Minimum Pulse Width 'CLK'
Slack : 8.776
TNS   : 0.000

Type  : Fast 1100mV 0C Model Setup 'CLK'
Slack : 18.457
TNS   : 0.000

Type  : Fast 1100mV 0C Model Hold 'CLK'
Slack : 0.570
TNS   : 0.000

Type  : Fast 1100mV 0C Model Recovery 'CLK'
Slack : 14.382
TNS   : 0.000

Type  : Fast 1100mV 0C Model Removal 'CLK'
Slack : 3.480
TNS   : 0.000

Type  : Fast 1100mV 0C Model Minimum Pulse Width 'CLK'
Slack : 8.769
TNS   : 0.000

------------------------------------------------------------
